Last login: Thu Mar 20 00:26:19 on ttys000
macbook@lelo-MacBook-Pro ~ % cd Desktop
macbook@lelo-MacBook-Pro Desktop % mkdir git-time-capsule
macbook@lelo-MacBook-Pro Desktop % cd git-time-capsule
macbook@lelo-MacBook-Pro git-time-capsule % git init
xcode-select: note: No developer tools were found, requesting install.
If developer tools are located at a non-default location on disk, use `sudo xcode-select --switch path/to/Xcode.app` to specify the Xcode that you wish to use for command line developer tools, and cancel the installation dialog.
See `man xcode-select` for more details.
macbook@lelo-MacBook-Pro git-time-capsule % Initialized empty Git repository in /your/path/git-time-capsule/.git/
zsh: command not found: Initialized
macbook@lelo-MacBook-Pro git-time-capsule % echo "First entry: Today I started my Git Time Capsule!" > memories.txt
dquote> ls
dquote> cat memories.txt
dquote> First entry: Today I started my Git Time Capsule!
dquote> git add memories.txt
dquote> git commit -m "Initial commit: Added first entry in memories.txt"
dquote> 
macbook@lelo-MacBook-Pro git-time-capsule % 
macbook@lelo-MacBook-Pro git-time-capsule % git commit -m "Initial commit: Added first entry in memories.txt"
xcode-select: note: No developer tools were found, requesting install.
If developer tools are located at a non-default location on disk, use `sudo xcode-select --switch path/to/Xcode.app` to specify the Xcode that you wish to use for command line developer tools, and cancel the installation dialog.
See `man xcode-select` for more details.
macbook@lelo-MacBook-Pro git-time-capsule % nano memories.txt
macbook@lelo-MacBook-Pro git-time-capsule % 
macbook@lelo-MacBook-Pro git-time-capsule % git add memories.txt
xcode-select: note: No developer tools were found, requesting install.
If developer tools are located at a non-default location on disk, use `sudo xcode-select --switch path/to/Xcode.app` to specify the Xcode that you wish to use for command line developer tools, and cancel the installation dialog.
See `man xcode-select` for more details.
macbook@lelo-MacBook-Pro git-time-capsule % git commit -m "Added a new memory"
xcode-select: note: No developer tools were found, requesting install.
If developer tools are located at a non-default location on disk, use `sudo xcode-select --switch path/to/Xcode.app` to specify the Xcode that you wish to use for command line developer tools, and cancel the installation dialog.
See `man xcode-select` for more details.
macbook@lelo-MacBook-Pro git-time-capsule % git remote add origin <https://github.com/lel000/git-time-capsule.gita>
zsh: parse error near `\n'
macbook@lelo-MacBook-Pro git-time-capsule % git remote -v
fatal: not a git repository (or any of the parent directories): .git
macbook@lelo-MacBook-Pro git-time-capsule % git push -u origin main
fatal: not a git repository (or any of the parent directories): .git
macbook@lelo-MacBook-Pro git-time-capsule % git remote remove origin
fatal: not a git repository (or any of the parent directories): .git
macbook@lelo-MacBook-Pro git-time-capsule % git remote add origin https://github.com/lel0800/git-time-capsule.git
fatal: not a git repository (or any of the parent directories): .git
macbook@lelo-MacBook-Pro git-time-capsule % git push -u origin main
fatal: not a git repository (or any of the parent directories): .git
macbook@lelo-MacBook-Pro git-time-capsule % git push -u origin main
fatal: not a git repository (or any of the parent directories): .git
macbook@lelo-MacBook-Pro git-time-capsule % git remote -v
fatal: not a git repository (or any of the parent directories): .git
macbook@lelo-MacBook-Pro git-time-capsule % git remote add origin https://github.com/lel000/git-time-capsule.git
fatal: not a git repository (or any of the parent directories): .git
macbook@lelo-MacBook-Pro git-time-capsule % git push -u origin main
fatal: not a git repository (or any of the parent directories): .git
macbook@lelo-MacBook-Pro git-time-capsule % cd ~/Desktop/git-time-capsule
macbook@lelo-MacBook-Pro git-time-capsule % git remote -v
fatal: not a git repository (or any of the parent directories): .git
macbook@lelo-MacBook-Pro git-time-capsule % git remote add origin https://github.com/le1000/git-time-capsule.git
fatal: not a git repository (or any of the parent directories): .git
macbook@lelo-MacBook-Pro git-time-capsule % git add .
git commit -m "Initial commit"
git branch -M main
git push -u origin main
fatal: not a git repository (or any of the parent directories): .git
fatal: not a git repository (or any of the parent directories): .git
fatal: not a git repository (or any of the parent directories): .git
fatal: not a git repository (or any of the parent directories): .git
macbook@lelo-MacBook-Pro git-time-capsule % 
